// Jest Snapshot v1, https://goo.gl/fbAQLP

exports[`renders 1`] = `
<DocumentFragment>
  <div
    class="MuiPaper-root MuiPaper-elevation MuiPaper-rounded MuiPaper-elevation1 MuiCard-root makeStyles-root-1 css-bhp9pd-MuiPaper-root-MuiCard-root"
  >
    <div
      class="MuiCardContent-root css-46bh2p-MuiCardContent-root"
    >
      <h2
        class="MuiTypography-root MuiTypography-h5 css-ag7rrr-MuiTypography-root"
      />
      <p
        class="MuiTypography-root MuiTypography-body2 makeStyles-description-5 css-e784if-MuiTypography-root"
      />
    </div>
    <div
      class="MuiCardActions-root MuiCardActions-spacing css-1t6e9jv-MuiCardActions-root"
      style="justify-content: space-between;"
    >
      <p
        class="MuiTypography-root MuiTypography-body1 MuiTypography-gutterBottom makeStyles-title-2 css-d3wcwz-MuiTypography-root"
      />
      <a
        aria-label="edit"
        class="MuiButtonBase-root MuiIconButton-root MuiIconButton-colorPrimary MuiIconButton-sizeSmall css-2rshpx-MuiButtonBase-root-MuiIconButton-root"
        href="/edit/undefined"
        tabindex="0"
      >
        <svg
          aria-hidden="true"
          class="MuiSvgIcon-root MuiSvgIcon-fontSizeMedium makeStyles-editIcon-4 css-i4bv87-MuiSvgIcon-root"
          data-testid="EditIcon"
          focusable="false"
          viewBox="0 0 24 24"
        >
          <path
            d="M3 17.25V21h3.75L17.81 9.94l-3.75-3.75L3 17.25zM20.71 7.04c.39-.39.39-1.02 0-1.41l-2.34-2.34a.9959.9959 0 0 0-1.41 0l-1.83 1.83 3.75 3.75 1.83-1.83z"
          />
        </svg>
        <span
          class="MuiTouchRipple-root css-8je8zh-MuiTouchRipple-root"
        />
      </a>
    </div>
  </div>
</DocumentFragment>
`;
